// Jest Snapshot v1, https://goo.gl/fbAQLP

exports[`Component: CartItem To have nested elements To match snapshot 1`] = `
<div
  className="MuiContainer-root makeStyles-container-1 MuiContainer-maxWidthLg"
>
  <h4
    className="MuiTypography-root MuiTypography-h4 MuiTypography-colorPrimary"
  />
  <p
    className="MuiTypography-root MuiTypography-body1"
  />
  <div
    className="MuiContainer-root makeStyles-buttons-2 MuiContainer-maxWidthLg"
  >
    <div
      className="MuiContainer-root makeStyles-infoContainer-4 MuiContainer-maxWidthLg"
    >
      <div
        className="MuiAvatar-root MuiAvatar-circle makeStyles-img-6 MuiAvatar-colorDefault"
      >
        <svg
          aria-hidden="true"
          className="MuiSvgIcon-root MuiAvatar-fallback"
          focusable="false"
          viewBox="0 0 24 24"
        >
          <path
            d="M12 12c2.21 0 4-1.79 4-4s-1.79-4-4-4-4 1.79-4 4 1.79 4 4 4zm0 2c-2.67 0-8 1.34-8 4v2h16v-2c0-2.66-5.33-4-8-4z"
          />
        </svg>
      </div>
      <h6
        className="MuiTypography-root makeStyles-info-3 MuiTypography-h6 MuiTypography-colorPrimary"
      >
        Price for one item: 
      </h6>
      <h6
        className="MuiTypography-root makeStyles-info-3 MuiTypography-h6 MuiTypography-colorPrimary"
      >
        Total: 
        1
      </h6>
    </div>
    <div
      className="MuiContainer-root makeStyles-buttonContainer-5 MuiContainer-maxWidthLg"
    >
      <button
        className="MuiButtonBase-root MuiButton-root MuiButton-contained MuiButton-containedPrimary Mui-disabled Mui-disabled"
        disabled={true}
        onBlur={[Function]}
        onClick={[Function]}
        onDragLeave={[Function]}
        onFocus={[Function]}
        onKeyDown={[Function]}
        onKeyUp={[Function]}
        onMouseDown={[Function]}
        onMouseLeave={[Function]}
        onMouseUp={[Function]}
        onTouchEnd={[Function]}
        onTouchMove={[Function]}
        onTouchStart={[Function]}
        tabIndex={-1}
        type="button"
      >
        <span
          className="MuiButton-label"
        >
          -
        </span>
      </button>
      <button
        className="MuiButtonBase-root MuiButton-root MuiButton-contained MuiButton-containedPrimary"
        disabled={false}
        onBlur={[Function]}
        onClick={[Function]}
        onDragLeave={[Function]}
        onFocus={[Function]}
        onKeyDown={[Function]}
        onKeyUp={[Function]}
        onMouseDown={[Function]}
        onMouseLeave={[Function]}
        onMouseUp={[Function]}
        onTouchEnd={[Function]}
        onTouchMove={[Function]}
        onTouchStart={[Function]}
        tabIndex={0}
        type="button"
      >
        <span
          className="MuiButton-label"
        >
          +
        </span>
      </button>
      <button
        className="MuiButtonBase-root MuiButton-root MuiButton-contained"
        disabled={false}
        onBlur={[Function]}
        onClick={[Function]}
        onDragLeave={[Function]}
        onFocus={[Function]}
        onKeyDown={[Function]}
        onKeyUp={[Function]}
        onMouseDown={[Function]}
        onMouseLeave={[Function]}
        onMouseUp={[Function]}
        onTouchEnd={[Function]}
        onTouchMove={[Function]}
        onTouchStart={[Function]}
        tabIndex={0}
        type="button"
      >
        <span
          className="MuiButton-label"
        >
          Remove
        </span>
      </button>
    </div>
  </div>
</div>
`;
